╭───────────╮
│ 🎵 Omusic │
╰───────────╯

▶ Alpha Song  ━━━━━━━───────────────────────  0:45/3:00  vol 70

Pulsa / para buscar · L biblioteca.

╭────────────────────────────────────╮╭──────────────────────────────────────────────────╮╭────────────────────────────╮
│ Cola (2)                           ││ Letra                                            ││ Portada                    │
│   ▶ Alpha Song                     ││ Line one                                         ││ ASCII ART                  │
│     Beta Track                     ││ Line two                                         │╰────────────────────────────╯
│                                    ││ Line three                                       │                              
╰────────────────────────────────────╯╰──────────────────────────────────────────────────╯                              

/ buscar · u URL · i importar · enter encolar · espacio play/pausa · n/p sig/ant · y letra · C limpiar · f favorito · a +playlist · L biblioteca · q salir
▅▆▇▇▇▇▇▆▅▄▄▄▄▅▅▆▇▇▇▆▅▄▃▂▁▁▂▂▃▄▅▆▆▅▅▄▃▃▃▃▄▄▆▇███▇▇▆▄▄▃▃▃▄▅▅▆▆▆▅▄▃▂▁▁▁▂▃▄▅▆▆▇▆▆▅▄▄▃▄▄▅▆▇██▇▇▆▅▃▃▂▂▂▃▄▄▅▅▅▅▄▃▂▂▂▂▃▄▅▆▇██▇▆▅▅▄▄▄▄▅▆▆▇▇▆▆▅▃▂▂▁▁▂▃▄▅▅▆▆▅▅▄▃▃▃▃▄▅
