                                                     ╭───────────╮                                                      
                                                     │ 🎵 Omusic │                                                      
                                                     ╰───────────╯                                                      
                                                                                                                        
                       ▶ Alpha Song  ━━━━━━━━━━──────────────────────────────  0:45/3:00  vol 70                        
                                                                                                                        
                                          Pulsa / para buscar · L biblioteca.                                           
                                                                                                                        
 ╭──────────────────────────────────╮╭────────────────────────────────────────────────────────────────────────────────╮ 
 │ Cola (2)                         ││ ╭──────────────────────────────────────────────────╮╭────────────────────────╮ │ 
 │   ▶ Alpha Song                   ││ │ Letra                                            ││ Portada                │ │ 
 │     Beta Track                   ││ │ Line one                                         ││ ASCII ART              │ │ 
 │                                  ││ │ Line two                                         │╰────────────────────────╯ │ 
 │                                  ││ │ Line three                                       │                           │ 
 │                                  ││ ╰──────────────────────────────────────────────────╯                           │ 
 │                                  ││                                                                                │ 
 │                                  ││                                                                                │ 
 │                                  ││                                                                                │ 
 │                                  ││                                                                                │ 
 │                                  ││                                                                                │ 
 │                                  ││                                                                                │ 
 │                                  ││                                                                                │ 
 │                                  ││                                                                                │ 
 │                                  ││                                                                                │ 
 │                                  ││                                                                                │ 
 │                                  ││                                                                                │ 
 │                                  ││                                                                                │ 
 │                                  ││                                                                                │ 
 │                                  ││                                                                                │ 
 │                                  ││                                                                                │ 
 │                                  ││                                                                                │ 
 │                                  ││                                                                                │ 
 │                                  ││                                                                                │ 
 │                                  ││                                                                                │ 
 ╰──────────────────────────────────╯╰────────────────────────────────────────────────────────────────────────────────╯ 
                                                                                                                        
 / buscar · u URL · i importar · enter encolar · espacio play/pausa · n/p sig/ant · y letra · C limpiar · f favorito ·  
 a +playlist · L biblioteca · q salir                                                                                   
 ▅▆▇▇▇▇▇▆▅▄▄▄▄▅▅▆▇▇▇▆▅▄▃▂▁▁▂▂▃▄▅▆▆▅▅▄▃▃▃▃▄▄▆▇███▇▇▆▄▄▃▃▃▄▅▅▆▆▆▅▄▃▂▁▁▁▂▃▄▅▆▆▇▆▆▅▄▄▃▄▄▅▆▇██▇▇▆▅▃▃▂▂▂▃▄▄▅▅▅▅▄▃▂▂▂▂▃▄▅▆▇██▇ 
                                                                                                                        