                                                     ╭───────────╮                                                      
                                                     │ 🎵 Omusic │                                                      
                                                     ╰───────────╯                                                      
                                                                                                                        
                                          Pulsa / para buscar · L biblioteca.                                           
                                                                                                                        
 ╭──────────────────────────────────╮╭────────────────────────────────────────────────────────────────────────────────╮ 
 │ ▸ Cola                           ││ ▎Portada                                                                       │ 
 │   Biblioteca                     ││ ASCII ART                                                                      │ 
 │   Favoritos                      ││ ▎Letra                                                                         │ 
 │   Historial                      ││ Line one                                                                       │ 
 │ ──────────────────────────────── ││ Line two                                                                       │ 
 │ ▎Cola (2)                        ││ Line three                                                                     │ 
 │   ▶ Alpha Song                   ││                                                                                │ 
 │     Beta Track                   ││                                                                                │ 
 │                                  ││                                                                                │ 
 │                                  ││                                                                                │ 
 │                                  ││                                                                                │ 
 │                                  ││                                                                                │ 
 │                                  ││                                                                                │ 
 │                                  ││                                                                                │ 
 │                                  ││                                                                                │ 
 │                                  ││                                                                                │ 
 │                                  ││                                                                                │ 
 │                                  ││                                                                                │ 
 │                                  ││                                                                                │ 
 │                                  ││                                                                                │ 
 │                                  ││                                                                                │ 
 │                                  ││                                                                                │ 
 ╰──────────────────────────────────╯╰────────────────────────────────────────────────────────────────────────────────╯ 
                                                                                                                        
 ╭────────────────────────────────────────────────────────────────────────────────────────────────────────────────────╮ 
 │ ▶ Alpha Song                                                                                                       │ 
 │ ━━━───────────  0:45/3:00  vol 70                                                                                  │ 
 ╰────────────────────────────────────────────────────────────────────────────────────────────────────────────────────╯ 
                                                                                                                        
 / buscar · u URL · i importar · enter encolar · espacio play/pausa · n/p sig/ant · y letra · C limpiar · f favorito ·  
 a +playlist · L biblioteca · q salir                                                                                   
 ▅▆▇▇▇▇▇▆▅▄▄▄▄▅▅▆▇▇▇▆▅▄▃▂▁▁▂▂▃▄▅▆▆▅▅▄▃▃▃▃▄▄▆▇███▇▇▆▄▄▃▃▃▄▅▅▆▆▆▅▄▃▂▁▁▁▂▃▄▅▆▆▇▆▆▅▄▄▃▄▄▅▆▇██▇▇▆▅▃▃▂▂▂▃▄▄▅▅▅▅▄▃▂▂▂▂▃▄▅▆▇██▇ 
                                                                                                                        